// Jest Snapshot v1, https://goo.gl/fbAQLP

exports[`matches snapshot 1`] = `
<DocumentFragment>
  <div
    class="css-1xbou8f"
  >
    <div
      class="chakra-stack chakra-container css-1pyonn0"
    >
      <p
        class="chakra-text css-0"
      >
        COPYRIGHT_LINE
      </p>
      <div
        class="chakra-stack css-111rh5x"
      >
        <a
          class="chakra-button css-1h33na9"
          href="https://twitter.com/henkakuorg"
        >
          <span
            class="css-f8n5zr"
          >
            Instagram
          </span>
          <svg
            class="chakra-icon css-13otjrl"
            fill="currentColor"
            focusable="false"
            height="1em"
            stroke="currentColor"
            stroke-width="0"
            viewBox="0 0 1024 1024"
            width="1em"
            xmlns="http://www.w3.org/2000/svg"
          >
            <path
              d="M512 64C264.6 64 64 264.6 64 512s200.6 448 448 448 448-200.6 448-448S759.4 64 512 64zm215.3 337.7c.3 4.7.3 9.6.3 14.4 0 146.8-111.8 315.9-316.1 315.9-63 0-121.4-18.3-170.6-49.8 9 1 17.6 1.4 26.8 1.4 52 0 99.8-17.6 137.9-47.4-48.8-1-89.8-33-103.8-77 17.1 2.5 32.5 2.5 50.1-2a111 111 0 0 1-88.9-109v-1.4c14.7 8.3 32 13.4 50.1 14.1a111.13 111.13 0 0 1-49.5-92.4c0-20.7 5.4-39.6 15.1-56a315.28 315.28 0 0 0 229 116.1C492 353.1 548.4 292 616.2 292c32 0 60.8 13.4 81.1 35 25.1-4.7 49.1-14.1 70.5-26.7-8.3 25.7-25.7 47.4-48.8 61.1 22.4-2.4 44-8.6 64-17.3-15.1 22.2-34 41.9-55.7 57.6z"
            />
          </svg>
        </a>
        <a
          class="chakra-button css-1h33na9"
          href="https://github.com/henkaku-center/omise-interface"
        >
          <span
            class="css-f8n5zr"
          >
            github
          </span>
          <p
            class="chakra-text css-1idpeqj"
          >
            I/F
          </p>
          <svg
            class="chakra-icon css-13otjrl"
            fill="currentColor"
            focusable="false"
            height="1em"
            stroke="currentColor"
            stroke-width="0"
            viewBox="0 0 480 512"
            width="1em"
            xmlns="http://www.w3.org/2000/svg"
          >
            <path
              d="M186.1 328.7c0 20.9-10.9 55.1-36.7 55.1s-36.7-34.2-36.7-55.1 10.9-55.1 36.7-55.1 36.7 34.2 36.7 55.1zM480 278.2c0 31.9-3.2 65.7-17.5 95-37.9 76.6-142.1 74.8-216.7 74.8-75.8 0-186.2 2.7-225.6-74.8-14.6-29-20.2-63.1-20.2-95 0-41.9 13.9-81.5 41.5-113.6-5.2-15.8-7.7-32.4-7.7-48.8 0-21.5 4.9-32.3 14.6-51.8 45.3 0 74.3 9 108.8 36 29-6.9 58.8-10 88.7-10 27 0 54.2 2.9 80.4 9.2 34-26.7 63-35.2 107.8-35.2 9.8 19.5 14.6 30.3 14.6 51.8 0 16.4-2.6 32.7-7.7 48.2 27.5 32.4 39 72.3 39 114.2zm-64.3 50.5c0-43.9-26.7-82.6-73.5-82.6-18.9 0-37 3.4-56 6-14.9 2.3-29.8 3.2-45.1 3.2-15.2 0-30.1-.9-45.1-3.2-18.7-2.6-37-6-56-6-46.8 0-73.5 38.7-73.5 82.6 0 87.8 80.4 101.3 150.4 101.3h48.2c70.3 0 150.6-13.4 150.6-101.3zm-82.6-55.1c-25.8 0-36.7 34.2-36.7 55.1s10.9 55.1 36.7 55.1 36.7-34.2 36.7-55.1-10.9-55.1-36.7-55.1z"
            />
          </svg>
        </a>
        <a
          class="chakra-button css-1h33na9"
          href="https://github.com/henkaku-center/kamon-nft"
        >
          <span
            class="css-f8n5zr"
          >
            github
          </span>
          <p
            class="chakra-text css-1idpeqj"
          >
            SC
          </p>
          <svg
            class="chakra-icon css-13otjrl"
            fill="currentColor"
            focusable="false"
            height="1em"
            stroke="currentColor"
            stroke-width="0"
            viewBox="0 0 480 512"
            width="1em"
            xmlns="http://www.w3.org/2000/svg"
          >
            <path
              d="M186.1 328.7c0 20.9-10.9 55.1-36.7 55.1s-36.7-34.2-36.7-55.1 10.9-55.1 36.7-55.1 36.7 34.2 36.7 55.1zM480 278.2c0 31.9-3.2 65.7-17.5 95-37.9 76.6-142.1 74.8-216.7 74.8-75.8 0-186.2 2.7-225.6-74.8-14.6-29-20.2-63.1-20.2-95 0-41.9 13.9-81.5 41.5-113.6-5.2-15.8-7.7-32.4-7.7-48.8 0-21.5 4.9-32.3 14.6-51.8 45.3 0 74.3 9 108.8 36 29-6.9 58.8-10 88.7-10 27 0 54.2 2.9 80.4 9.2 34-26.7 63-35.2 107.8-35.2 9.8 19.5 14.6 30.3 14.6 51.8 0 16.4-2.6 32.7-7.7 48.2 27.5 32.4 39 72.3 39 114.2zm-64.3 50.5c0-43.9-26.7-82.6-73.5-82.6-18.9 0-37 3.4-56 6-14.9 2.3-29.8 3.2-45.1 3.2-15.2 0-30.1-.9-45.1-3.2-18.7-2.6-37-6-56-6-46.8 0-73.5 38.7-73.5 82.6 0 87.8 80.4 101.3 150.4 101.3h48.2c70.3 0 150.6-13.4 150.6-101.3zm-82.6-55.1c-25.8 0-36.7 34.2-36.7 55.1s10.9 55.1 36.7 55.1 36.7-34.2 36.7-55.1-10.9-55.1-36.7-55.1z"
            />
          </svg>
        </a>
      </div>
    </div>
  </div>
</DocumentFragment>
`;
